// Jest Snapshot v1, https://goo.gl/fbAQLP

exports[`Assessment assessment should return an action 1`] = `
Object {
  "payload": Object {
    "id": Object {
      "id": 1,
      "name": "vasilev",
    },
    "name": undefined,
  },
  "type": "[assessment] load assessment",
}
`;
