// Jest Snapshot v1, https://goo.gl/fbAQLP

exports[`Responsive Toggle Menu responsive sidebar should return an action 1`] = `
Object {
  "type": "[homeUI] responsive toggle menu",
}
`;
