// Jest Snapshot v1, https://goo.gl/fbAQLP

exports[`Toggle Menu desktop sidebar should return an action 1`] = `
Object {
  "type": "[homeUI] toggle menu",
}
`;
